initial config is q0: *1*1,1,11
step 0: q0: *1*1,1,11
step 1: q0: 1*1*,1,11
step 2: q0: 11*,*1,11
step 3: q1: 11*1*1,11
step 4: q1: 1*1*11,11
step 5: q1: *1*111,11
step 6: q1: *B*1111,11
step 7: q2: B*1*111,11
step 8: q2: B*B*111,11
step 9: q0: BB*1*11,11
step 10: q0: BB1*1*1,11
step 11: q0: BB11*1*,11
step 12: q0: BB111*,*11
step 13: q1: BB111*1*11
step 14: q1: BB11*1*111
step 15: q1: BB1*1*1111
step 16: q1: BB*1*11111
step 17: q1: B*B*111111
step 18: q2: BB*1*11111
step 19: q2: BB*B*11111
step 20: q0: BBB*1*1111
step 21: q0: BBB1*1*111
step 22: q0: BBB11*1*11
step 23: q0: BBB111*1*1
step 24: q0: BBB1111*1*
step 25: q0: BBB11111*B*
step 26: q10: BBB1111*1*B
step 27: q10: BBB111*1*1B
step 28: q10: BBB11*1*11B
step 29: q10: BBB1*1*111B
step 30: q10: BBB*1*1111B
step 31: q10: BB*B*11111B
step 32: q100: BBB*1*1111B
step 33: HALT
'((0 #\1 (#\1) (#\, #\1 #\, #\1 #\1)) (0 #\, (#\1 #\1) (#\1 #\, #\1 #\1)) (1 #\1 (#\1 #\1) (#\1 #\, #\1 #\1)) (1 #\1 (#\1) (#\1 #\1 #\, #\1 #\1)) (1 #\1 () (#\1 #\1 #\1 #\, #\1 #\1)) (1 #\B () (#\1 #\1 #\1 #\1 #\, #\1 #\1)) (2 #\1 (#\B) (#\1 #\1 #\1 #\, #\1 #\1)) (2 #\B (#\B) (#\1 #\1 #\1 #\, #\1 #\1)) (0 #\1 (#\B #\B) (#\1 #\1 #\, #\1 #\1)) (0 #\1 (#\B #\B #\1) (#\1 #\, #\1 #\1)) (0 #\1 (#\B #\B #\1 #\1) (#\, #\1 #\1)) (0 #\, (#\B #\B #\1 #\1 #\1) (#\1 #\1)) (1 #\1 (#\B #\B #\1 #\1 #\1) (#\1 #\1)) (1 #\1 (#\B #\B #\1 #\1) (#\1 #\1 #\1)) (1 #\1 (#\B #\B #\1) (#\1 #\1 #\1 #\1)) (1 #\1 (#\B #\B) (#\1 #\1 #\1 #\1 #\1)) (1 #\B (#\B) (#\1 #\1 #\1 #\1 #\1 #\1)) (2 #\1 (#\B #\B) (#\1 #\1 #\1 #\1 #\1)) (2 #\B (#\B #\B) (#\1 #\1 #\1 #\1 #\1)) (0 #\1 (#\B #\B #\B) (#\1 #\1 #\1 #\1)) (0 #\1 (#\B #\B #\B #\1) (#\1 #\1 #\1)) (0 #\1 (#\B #\B #\B #\1 #\1) (#\1 #\1)) (0 #\1 (#\B #\B #\B #\1 #\1 #\1) (#\1)) (0 #\1 (#\B #\B #\B #\1 #\1 #\1 #\1) ()) (0 #\B (#\B #\B #\B #\1 #\1 #\1 #\1 #\1) ()) (10 #\1 (#\B #\B #\B #\1 #\1 #\1 #\1) (#\B)) (10 #\1 (#\B #\B #\B #\1 #\1 #\1) (#\1 #\B)) (10 #\1 (#\B #\B #\B #\1 #\1) (#\1 #\1 #\B)) (10 #\1 (#\B #\B #\B #\1) (#\1 #\1 #\1 #\B)) (10 #\1 (#\B #\B #\B) (#\1 #\1 #\1 #\1 #\B)) (10 #\B (#\B #\B) (#\1 #\1 #\1 #\1 #\1 #\B)) (100 #\1 (#\B #\B #\B) (#\1 #\1 #\1 #\1 #\B)) ())
