initial config is q0: *1*1
step 0: q0: *1*1
step 1: q1: *B*1
step 2: q2: B*1*
step 3: q2: B1*B*
step 4: q3: B1B*B*
step 5: q4: B1B*1*
step 6: q5: B1B1*B*
step 7: q6: B1B1*1*
step 8: q6: B1B*1*1
step 9: q6: B1*B*11
step 10: q7: B*1*B11
step 11: q7: *B*1B11
step 12: q8: B*1*B11
step 13: q0: B*1*B11
step 14: q1: B*B*B11
step 15: q2: BB*B*11
step 16: q3: BBB*1*1
step 17: q3: BBB1*1*
step 18: q3: BBB11*B*
step 19: q4: BBB11*1*
step 20: q5: BBB111*B*
step 21: q6: BBB111*1*
step 22: q6: BBB11*1*1
step 23: q6: BBB1*1*11
step 24: q6: BBB*1*111
step 25: q6: BB*B*1111
step 26: q7: B*B*B1111
step 27: q8: BB*B*1111
step 28: q9: BBB*1*111
step 29: HALT
'((1 #\B () (#\1)) (2 #\1 (#\B) ()) (2 #\B (#\B #\1) ()) (3 #\B (#\B #\1 #\B) ()) (4 #\1 (#\B #\1 #\B) ()) (5 #\B (#\B #\1 #\B #\1) ()) (6 #\1 (#\B #\1 #\B #\1) ()) (6 #\1 (#\B #\1 #\B) (#\1)) (6 #\B (#\B #\1) (#\1 #\1)) (7 #\1 (#\B) (#\B #\1 #\1)) (7 #\B () (#\1 #\B #\1 #\1)) (8 #\1 (#\B) (#\B #\1 #\1)) (0 #\1 (#\B) (#\B #\1 #\1)) (1 #\B (#\B) (#\B #\1 #\1)) (2 #\B (#\B #\B) (#\1 #\1)) (3 #\1 (#\B #\B #\B) (#\1)) (3 #\1 (#\B #\B #\B #\1) ()) (3 #\B (#\B #\B #\B #\1 #\1) ()) (4 #\1 (#\B #\B #\B #\1 #\1) ()) (5 #\B (#\B #\B #\B #\1 #\1 #\1) ()) (6 #\1 (#\B #\B #\B #\1 #\1 #\1) ()) (6 #\1 (#\B #\B #\B #\1 #\1) (#\1)) (6 #\1 (#\B #\B #\B #\1) (#\1 #\1)) (6 #\1 (#\B #\B #\B) (#\1 #\1 #\1)) (6 #\B (#\B #\B) (#\1 #\1 #\1 #\1)) (7 #\B (#\B) (#\B #\1 #\1 #\1 #\1)) (8 #\B (#\B #\B) (#\1 #\1 #\1 #\1)) (9 #\1 (#\B #\B #\B) (#\1 #\1 #\1)) ())
