initial config is q0: *1*1 111
step 0: q0: *1*1 111
step 1: q1: *B*1 111
step 2: q2: B*1* 111
step 3: q2: B1*B*111
step 4: q3: B1B*1*11
step 5: q4: B1B1*1*1
step 6: q4: B1B11*1*
step 7: q4: B1B111*B*
step 8: q5: B1B11*1*B
step 9: q6: B1B11*B*B
step 10: q7: B1B1*1*BB
step 11: q7: B1B*1*1BB
step 12: q7: B1*B*11BB
step 13: q8: B*1*B11BB
step 14: q8: *B*1B11BB
step 15: q0: B*1*B11BB
step 16: q1: B*B*B11BB
step 17: q2: BB*B*11BB
step 18: q3: BBB*1*1BB
step 19: q4: BBB1*1*BB
step 20: q4: BBB11*B*B
step 21: q5: BBB1*1*BB
step 22: q6: BBB1*B*BB
step 23: q7: BBB*1*BBB
step 24: q7: BB*B*1BBB
step 25: q8: B*B*B1BBB
step 26: q0: BB*B*1BBB
step 27: q50: BBB*1*BBB
step 28: q51: BBB*1*BBB
step 29: q52: BBB*B*BBB
step 30: q51: BBBB*B*BB
step 31: q100: BBBB*1*BB
step 32: HALT
'((1 #\B () (#\1 #\space #\1 #\1 #\1)) (2 #\1 (#\B) (#\space #\1 #\1 #\1)) (2 #\space (#\B #\1) (#\1 #\1 #\1)) (3 #\1 (#\B #\1 #\B) (#\1 #\1)) (4 #\1 (#\B #\1 #\B #\1) (#\1)) (4 #\1 (#\B #\1 #\B #\1 #\1) ()) (4 #\B (#\B #\1 #\B #\1 #\1 #\1) ()) (5 #\1 (#\B #\1 #\B #\1 #\1) (#\B)) (6 #\B (#\B #\1 #\B #\1 #\1) (#\B)) (7 #\1 (#\B #\1 #\B #\1) (#\B #\B)) (7 #\1 (#\B #\1 #\B) (#\1 #\B #\B)) (7 #\B (#\B #\1) (#\1 #\1 #\B #\B)) (8 #\1 (#\B) (#\B #\1 #\1 #\B #\B)) (8 #\B () (#\1 #\B #\1 #\1 #\B #\B)) (0 #\1 (#\B) (#\B #\1 #\1 #\B #\B)) (1 #\B (#\B) (#\B #\1 #\1 #\B #\B)) (2 #\B (#\B #\B) (#\1 #\1 #\B #\B)) (3 #\1 (#\B #\B #\B) (#\1 #\B #\B)) (4 #\1 (#\B #\B #\B #\1) (#\B #\B)) (4 #\B (#\B #\B #\B #\1 #\1) (#\B)) (5 #\1 (#\B #\B #\B #\1) (#\B #\B)) (6 #\B (#\B #\B #\B #\1) (#\B #\B)) (7 #\1 (#\B #\B #\B) (#\B #\B #\B)) (7 #\B (#\B #\B) (#\1 #\B #\B #\B)) (8 #\B (#\B) (#\B #\1 #\B #\B #\B)) (0 #\B (#\B #\B) (#\1 #\B #\B #\B)) (50 #\1 (#\B #\B #\B) (#\B #\B #\B)) (51 #\1 (#\B #\B #\B) (#\B #\B #\B)) (52 #\B (#\B #\B #\B) (#\B #\B #\B)) (51 #\B (#\B #\B #\B #\B) (#\B #\B)) (100 #\1 (#\B #\B #\B #\B) (#\B #\B)) ())
